20260828 08:58:07.714 YuantaOrd 1.6.1.3 for ActiveX control
20260828 08:58:07.714 OnLogonS(-1,NULL,NULL,NULL)
20260828 08:58:07.725 OnLogonS(-2,NULL,NULL,NULL)
20260828 08:58:10.100 DoLogout

20260828 08:58:10.434 YuantaOrd 1.6.1.3 for ActiveX control
20260828 08:58:10.434 Create
20260828 08:58:10.449 SetWaitOrdResult(0)
20260828 08:58:10.449 SetFutOrdConnection(E123663395,pw,api.yuantafutures.com.tw,443)
20260828 08:58:10.469 return: 3
20260828 08:58:12.016 OnLogonS(2,2-F04-0129354--黃耀民,SN=5419A0EB,0)
20260828 08:58:12.018 ReportQuery(F,F04,0129354,,0,*,1)
20260828 08:58:12.073 return: 100
20260828 08:58:12.145 DealQuery(F,F04,0129354,,*)
20260828 08:58:12.146 return: 100
20260828 08:58:12.147 UserDefinsFunc(Func=RA003|bhno=F04|acno=0129354|suba=|FC=N,RA003)
20260828 08:58:12.150 return: 100
20260828 08:58:12.151 OnReportQuery(0):
20260828 08:58:12.246 OnDealQuery(0):
20260828 08:58:12.246 OnUserDefinsFuncResult(0):retc=00001|time=085812|emsg=查無資料 (0)|caltime=2026/08/28 08:58:11
WorkID=RA003
20260828 08:58:12.268 ReportQuery(F,F04,0129354,,0,*,1)
20260828 08:58:12.268 return: 100
20260828 08:58:12.268 DealQuery(F,F04,0129354,,*)
20260828 08:58:12.268 return: 100
20260828 08:58:12.269 UserDefinsFunc(Func=RA003|bhno=F04|acno=0129354|suba=|FC=N,RA003)
20260828 08:58:12.269 return: 100
20260828 08:58:12.269 ReportQuery(F,F04,0129354,,0,*,1)
20260828 08:58:12.270 return: 100
20260828 08:58:12.270 DealQuery(F,F04,0129354,,*)
20260828 08:58:12.270 return: 100
20260828 08:58:12.270 UserDefinsFunc(Func=RA003|bhno=F04|acno=0129354|suba=|FC=N,RA003)
20260828 08:58:12.270 return: 100
20260828 08:58:12.673 OnReportQuery(0):
20260828 08:58:12.673 OnDealQuery(0):
20260828 08:58:12.675 OnDealQuery(0):
20260828 08:58:12.675 OnReportQuery(0):
20260828 08:58:12.675 OnUserDefinsFuncResult(0):retc=00001|time=085812|emsg=查無資料 (0)|caltime=2026/08/28 08:58:11
WorkID=RA003
20260828 08:58:12.675 OnUserDefinsFuncResult(0):retc=00001|time=085812|emsg=查無資料 (0)|caltime=2026/08/28 08:58:12
WorkID=RA003

20260828 10:24:27.727 YuantaOrd 1.6.1.3 for ActiveX control
20260828 10:24:27.727 Create
20260828 10:24:27.738 SetWaitOrdResult(0)
20260828 10:24:27.738 SetFutOrdConnection(E123663395,pw,api.yuantafutures.com.tw,443)
20260828 10:24:27.752 return: 3
20260828 10:24:28.280 OnLogonS(2,2-F04-0129354--黃耀民,SN=5419A0EB,0)
20260828 10:24:28.281 ReportQuery(F,F04,0129354,,0,*,1)
20260828 10:24:28.281 return: 100
20260828 10:24:28.282 DealQuery(F,F04,0129354,,*)
20260828 10:24:28.282 return: 100
20260828 10:24:28.282 UserDefinsFunc(Func=RA003|bhno=F04|acno=0129354|suba=|FC=N,RA003)
20260828 10:24:28.282 return: 100
20260828 10:24:28.370 OnReportQuery(0):
20260828 10:24:28.370 OnDealQuery(0):
20260828 10:24:28.370 OnUserDefinsFuncResult(0):retc=00001|time=102428|emsg=查無資料 (0)|caltime=2026/08/28 10:24:28
WorkID=RA003
20260828 10:24:28.373 ReportQuery(F,F04,0129354,,0,*,1)
20260828 10:24:28.374 return: 100
20260828 10:24:28.374 DealQuery(F,F04,0129354,,*)
20260828 10:24:28.374 return: 100
20260828 10:24:28.374 UserDefinsFunc(Func=RA003|bhno=F04|acno=0129354|suba=|FC=N,RA003)
20260828 10:24:28.374 return: 100
20260828 10:24:28.375 ReportQuery(F,F04,0129354,,0,*,1)
20260828 10:24:28.375 return: 100
20260828 10:24:28.375 DealQuery(F,F04,0129354,,*)
20260828 10:24:28.375 return: 100
20260828 10:24:28.375 UserDefinsFunc(Func=RA003|bhno=F04|acno=0129354|suba=|FC=N,RA003)
20260828 10:24:28.375 return: 100
20260828 10:24:28.400 OnReportQuery(0):
20260828 10:24:28.400 OnDealQuery(0):
20260828 10:24:28.400 OnReportQuery(0):
20260828 10:24:28.402 OnDealQuery(0):
20260828 10:24:28.402 OnUserDefinsFuncResult(0):retc=00001|time=102428|emsg=查無資料 (0)|caltime=2026/08/28 10:24:28
WorkID=RA003
20260828 10:24:28.403 OnUserDefinsFuncResult(0):retc=00001|time=102428|emsg=查無資料 (0)|caltime=2026/08/28 10:24:28
WorkID=RA003

20260828 10:53:37.769 YuantaOrd 1.6.1.3 for ActiveX control
20260828 10:53:37.769 Create
20260828 10:53:37.773 SetWaitOrdResult(0)
20260828 10:53:37.773 SetFutOrdConnection(E123663395,pw,apitest.yuantafutures.com.tw,80)
20260828 10:53:37.784 return: 3
20260828 10:53:47.997 OnLogonS(-1,NULL,NULL,NULL)
20260828 10:54:00.861 DoLogout

20260828 10:54:06.841 YuantaOrd 1.6.1.3 for ActiveX control
20260828 10:54:06.841 Create
20260828 10:54:06.841 SetWaitOrdResult(0)
20260828 10:54:06.841 SetFutOrdConnection(E123663395,pw,api.yuantafutures.com.tw,443)
20260828 10:54:06.877 return: 3
20260828 10:54:07.298 OnLogonS(2,2-F04-0129354--黃耀民,SN=5419A0EB,0)
20260828 10:54:07.298 ReportQuery(F,F04,0129354,,0,*,1)
20260828 10:54:07.298 return: 100
20260828 10:54:07.298 DealQuery(F,F04,0129354,,*)
20260828 10:54:07.298 return: 100
20260828 10:54:07.298 UserDefinsFunc(Func=RA003|bhno=F04|acno=0129354|suba=|FC=N,RA003)
20260828 10:54:07.298 return: 100
20260828 10:54:07.357 OnReportQuery(0):
20260828 10:54:07.357 OnDealQuery(0):
20260828 10:54:07.362 OnUserDefinsFuncResult(0):retc=00001|time=105407|emsg=查無資料 (0)|caltime=2026/08/28 10:54:07
WorkID=RA003
20260828 10:54:07.366 ReportQuery(F,F04,0129354,,0,*,1)
20260828 10:54:07.366 return: 100
20260828 10:54:07.366 DealQuery(F,F04,0129354,,*)
20260828 10:54:07.366 return: 100
20260828 10:54:07.366 UserDefinsFunc(Func=RA003|bhno=F04|acno=0129354|suba=|FC=N,RA003)
20260828 10:54:07.367 return: 100
20260828 10:54:07.367 ReportQuery(F,F04,0129354,,0,*,1)
20260828 10:54:07.367 return: 100
20260828 10:54:07.367 DealQuery(F,F04,0129354,,*)
20260828 10:54:07.367 return: 100
20260828 10:54:07.367 UserDefinsFunc(Func=RA003|bhno=F04|acno=0129354|suba=|FC=N,RA003)
20260828 10:54:07.368 return: 100
20260828 10:54:07.389 OnReportQuery(0):
20260828 10:54:07.389 OnReportQuery(0):
20260828 10:54:07.389 OnDealQuery(0):
20260828 10:54:07.389 OnDealQuery(0):
20260828 10:54:07.396 OnUserDefinsFuncResult(0):retc=00001|time=105407|emsg=查無資料 (0)|caltime=2026/08/28 10:54:07
WorkID=RA003
20260828 10:54:07.396 OnUserDefinsFuncResult(0):retc=00001|time=105407|emsg=查無資料 (0)|caltime=2026/08/28 10:54:07
WorkID=RA003
20260828 17:06:21.741 OnLogonS(-1,NULL,NULL,NULL)
20260828 17:06:25.605 DoLogout

20260828 17:06:26.932 YuantaOrd 1.6.1.3 for ActiveX control
20260828 17:06:26.932 Create
20260828 17:06:27.022 SetWaitOrdResult(0)
20260828 17:06:27.023 SetFutOrdConnection(E123663395,pw,api.yuantafutures.com.tw,443)
20260828 17:06:27.063 return: 3
20260828 17:06:28.275 OnLogonS(2,2-F04-0129354--黃耀民,SN=5419A0EB,0)
20260828 17:06:28.279 ReportQuery(F,F04,0129354,,0,*,1)
20260828 17:06:28.287 return: 100
20260828 17:06:28.287 DealQuery(F,F04,0129354,,*)
20260828 17:06:28.298 return: 100
20260828 17:06:28.408 UserDefinsFunc(Func=RA003|bhno=F04|acno=0129354|suba=|FC=N,RA003)
20260828 17:06:28.411 return: 100
20260828 17:06:28.411 OnReportQuery(0):
20260828 17:06:28.412 OnDealQuery(0):
20260828 17:06:32.183 OnUserDefinsFuncResult(0):retc=00001|time=170627|emsg=查無資料 (0)|caltime=2026/08/28 17:06:27
WorkID=RA003
20260828 17:06:32.263 ReportQuery(F,F04,0129354,,0,*,1)
20260828 17:06:32.264 return: 100
20260828 17:06:32.265 DealQuery(F,F04,0129354,,*)
20260828 17:06:32.268 return: 100
20260828 17:06:32.269 UserDefinsFunc(Func=RA003|bhno=F04|acno=0129354|suba=|FC=N,RA003)
20260828 17:06:32.271 return: 100
20260828 17:06:32.271 ReportQuery(F,F04,0129354,,0,*,1)
20260828 17:06:32.272 return: 100
20260828 17:06:32.272 DealQuery(F,F04,0129354,,*)
20260828 17:06:32.272 return: 100
20260828 17:06:32.293 UserDefinsFunc(Func=RA003|bhno=F04|acno=0129354|suba=|FC=N,RA003)
20260828 17:06:32.294 return: 100
20260828 17:06:32.309 OnReportQuery(0):
20260828 17:06:32.331 OnReportQuery(0):
20260828 17:06:32.465 OnDealQuery(0):
20260828 17:06:32.466 OnDealQuery(0):
20260828 17:06:32.466 OnUserDefinsFuncResult(0):retc=00001|time=170631|emsg=查無資料 (0)|caltime=2026/08/28 17:06:30
WorkID=RA003
20260828 17:06:32.466 OnUserDefinsFuncResult(0):retc=00001|time=170631|emsg=查無資料 (0)|caltime=2026/08/28 17:06:30
WorkID=RA003