20260831 22:35:58.720 YuantaOrd 1.6.1.3 for ActiveX control
20260831 22:35:58.720 Create
20260831 22:35:58.740 SetWaitOrdResult(0)
20260831 22:35:58.740 SetFutOrdConnection(E123663395,pw,api.yuantafutures.com.tw,443)
20260831 22:35:58.812 return: 3
20260831 22:36:01.920 OnLogonS(2,2-F04-0129354--黃耀民,SN=5419A0EB,0)
20260831 22:36:01.921 ReportQuery(F,F04,0129354,,0,*,1)
20260831 22:36:01.921 return: 100
20260831 22:36:01.921 DealQuery(F,F04,0129354,,*)
20260831 22:36:01.921 return: 100
20260831 22:36:01.923 UserDefinsFunc(Func=RA003|bhno=F04|acno=0129354|suba=|FC=N,RA003)
20260831 22:36:01.923 return: 100
20260831 22:36:02.408 OnDealQuery(0):
20260831 22:36:02.408 OnReportQuery(0):
20260831 22:36:02.408 OnUserDefinsFuncResult(0):retc=00001|time=223602|emsg=查無資料 (0)|caltime=2026/08/31 22:36:02
WorkID=RA003
20260831 22:36:02.418 ReportQuery(F,F04,0129354,,0,*,1)
20260831 22:36:02.418 return: 100
20260831 22:36:02.418 DealQuery(F,F04,0129354,,*)
20260831 22:36:02.418 return: 100
20260831 22:36:02.418 UserDefinsFunc(Func=RA003|bhno=F04|acno=0129354|suba=|FC=N,RA003)
20260831 22:36:02.418 return: 100
20260831 22:36:02.418 ReportQuery(F,F04,0129354,,0,*,1)
20260831 22:36:02.418 return: 100
20260831 22:36:02.418 DealQuery(F,F04,0129354,,*)
20260831 22:36:02.418 return: 100
20260831 22:36:02.418 UserDefinsFunc(Func=RA003|bhno=F04|acno=0129354|suba=|FC=N,RA003)
20260831 22:36:02.418 return: 100
20260831 22:36:02.666 OnReportQuery(0):
20260831 22:36:02.666 OnDealQuery(0):
20260831 22:36:02.988 OnReportQuery(0):
20260831 22:36:02.988 OnDealQuery(0):
20260831 22:36:02.988 OnUserDefinsFuncResult(0):retc=00001|time=223602|emsg=查無資料 (0)|caltime=2026/08/31 22:36:02
WorkID=RA003
20260831 22:36:02.988 OnUserDefinsFuncResult(0):retc=00001|time=223602|emsg=查無資料 (0)|caltime=2026/08/31 22:36:02
WorkID=RA003